1: starting server using command "npm run start:frontend"
and when url "[ 'http://localhost:3000' ]" is responding with HTTP status code 200
2: starting server using command "npm run start:server"
and when url "[ 'http://localhost:3001' ]" is responding with HTTP status code 200
running tests using command "npm run cy:run"


> engagesphere-test-design-masterclass@1.0.0 start:frontend
> cd frontend && npm start


> frontend@0.1.0 start
> react-scripts start

Browserslist: caniuse-lite is outdated. Please run:
  npx update-browserslist-db@latest
  Why you should do it regularly: https://github.com/browserslist/update-db#readme
(node:27416) [DEP_WEBPACK_DEV_SERVER_ON_AFTER_SETUP_MIDDLEWARE] DeprecationWarning: 'onAfterSetupMiddleware' option is deprecated. Please use the 'setupMiddlewares' option.
(Use `node --trace-deprecation ...` to show where the warning was created)
(node:27416) [DEP_WEBPACK_DEV_SERVER_ON_BEFORE_SETUP_MIDDLEWARE] DeprecationWarning: 'onBeforeSetupMiddleware' option is deprecated. Please use the 'setupMiddlewares' option.
Starting the development server...

Compiled successfully!

You can now view frontend in the browser.

  Local:            http://localhost:3000
  On Your Network:  http://192.168.1.208:3000

Note that the development build is not optimized.
To create a production build, use npm run build.

webpack compiled [1m[32msuccessfully[39m[22m

> engagesphere-test-design-masterclass@1.0.0 start:server
> cd backend && npm start


> backend@1.0.0 start
> node server.js

Backend app listening on port 3001!
